"*http://joxi.ru/eAO5vvPCRZE7mo Описание проекта может быть больше чем на макете. При добавлении текста верстка не должна рушиться
* http://joxi.ru/Dr8oVVJF1yn5A6 Попап отстилизован не до конца
*http://joxi.ru/E2pMQQOFqYVLAY Стилизуем не только placeholder но и текст который вводится пользователем в поля формы
*http://joxi.ru/D2P6vvPhea10r3 Форма авторизации скрывается за границами браузера
*Не работает попап в ie8"   